[2023.01.04.15:59:20]	Requesting beacon...
[2023.01.04.15:59:56]	Requesting beacon...
[2023.01.04.16:00:31]	Requesting beacon...
[2023.01.04.16:01:08]	Requesting beacon...
[2023.01.04.16:01:53]	Requesting beacon...
[2023.01.04.16:02:27]	Requesting beacon...
[2023.01.04.16:22:32]	Requesting beacon...
[2023.01.04.16:23:13]	Requesting beacon...
[2023.01.04.16:59:41]	Requesting beacon...
[2023.01.04.17:00:25]	Requesting beacon...
[2023.01.04.17:01:15]	Requesting beacon...
[2023.01.04.17:01:54]	Requesting beacon...
[2023.01.04.17:02:26]	Requesting beacon...
[2023.01.04.17:03:03]	Requesting beacon...
[2023.01.04.17:03:43]	Requesting beacon...
[2023.01.04.17:04:20]	Requesting beacon...
[2023.01.04.17:04:55]	Requesting beacon...
[2023.01.04.17:05:33]	Requesting beacon...
[2023.01.04.17:06:11]	Requesting beacon...
[2023.01.04.17:06:52]	Requesting beacon...
[2023.01.04.17:07:33]	Requesting beacon...
[2023.01.04.17:08:10]	Requesting beacon...
[2023.01.04.17:08:44]	Requesting beacon...
[2023.01.04.17:09:24]	Requesting beacon...
[2023.01.04.17:10:05]	Requesting beacon...
[2023.01.04.17:10:54]	Requesting beacon...
[2023.01.04.17:11:32]	Requesting beacon...
[2023.01.04.17:12:14]	Requesting beacon...
[2023.01.04.17:12:52]	Requesting beacon...
[2023.01.04.17:13:24]	Requesting beacon...
[2023.01.04.17:13:58]	Requesting beacon...
[2023.01.04.17:14:28]	Requesting beacon...
[2023.01.04.17:15:07]	Requesting beacon...
[2023.01.04.17:43:49]	Requesting beacon...
[2023.01.04.17:44:27]	Requesting beacon...
[2023.01.04.17:45:05]	Requesting beacon...
[2023.01.04.17:45:44]	Requesting beacon...
[2023.01.04.17:46:18]	Requesting beacon...
[2023.01.04.17:46:59]	Requesting beacon...
[2023.01.04.17:47:36]	Requesting beacon...
[2023.01.04.17:51:44]	Requesting beacon...
[2023.01.04.17:52:21]	Requesting beacon...
[2023.01.04.17:52:59]	Requesting beacon...
[2023.01.04.17:53:35]	Requesting beacon...
[2023.01.04.17:54:18]	Requesting beacon...
[2023.01.04.17:54:56]	Requesting beacon...
[2023.01.04.17:55:35]	Requesting beacon...
[2023.01.04.17:56:14]	Requesting beacon...
[2023.01.04.17:56:53]	Requesting beacon...
[2023.01.04.17:57:30]	Requesting beacon...
[2023.01.04.17:58:11]	Requesting beacon...
[2023.01.04.17:58:53]	Requesting beacon...
[2023.01.04.17:59:34]	Requesting beacon...
[2023.01.04.18:00:12]	Requesting beacon...
[2023.01.04.18:00:53]	Requesting beacon...
[2023.01.04.18:01:33]	Requesting beacon...
[2023.01.04.18:02:09]	Requesting beacon...
[2023.01.04.18:02:47]	Requesting beacon...
[2023.01.04.18:03:26]	Requesting beacon...
[2023.01.04.18:04:03]	Requesting beacon...
[2023.01.04.18:04:41]	Requesting beacon...
[2023.01.04.18:05:13]	Requesting beacon...
[2023.01.04.18:05:53]	Requesting beacon...
[2023.01.04.18:59:27]	Requesting beacon...
[2023.01.04.19:00:03]	Requesting beacon...
[2023.01.04.19:00:57]	Requesting beacon...
[2023.01.04.19:01:33]	Requesting beacon...
[2023.01.04.19:02:17]	Requesting beacon...
[2023.01.04.19:02:50]	Requesting beacon...
[2023.01.04.19:03:26]	Requesting beacon...
[2023.01.04.19:04:05]	Requesting beacon...
[2023.01.04.19:19:34]	Requesting beacon...
[2023.01.04.19:20:23]	Requesting beacon...
[2023.01.04.19:21:06]	Requesting beacon...
[2023.01.04.19:21:42]	Requesting beacon...
[2023.01.04.19:22:16]	Requesting beacon...
[2023.01.04.19:22:51]	Requesting beacon...
[2023.01.04.19:23:34]	Requesting beacon...
[2023.01.04.19:24:12]	Requesting beacon...
[2023.01.04.19:24:46]	Requesting beacon...
[2023.01.04.19:25:29]	Requesting beacon...
[2023.01.04.19:26:14]	Requesting beacon...
[2023.01.04.19:26:54]	Requesting beacon...
[2023.01.04.19:27:33]	Requesting beacon...
[2023.01.04.19:28:13]	Requesting beacon...
[2023.01.04.19:28:57]	Requesting beacon...
[2023.01.04.19:33:06]	Requesting beacon...
[2023.01.04.19:33:16]	Requesting beacon...
[2023.01.04.19:33:26]	Requesting beacon...
[2023.01.04.19:33:36]	Requesting beacon...
[2023.01.04.19:33:46]	Requesting beacon...
[2023.01.04.19:33:56]	Requesting beacon...
[2023.01.04.19:34:06]	Requesting beacon...
[2023.01.04.19:34:16]	Requesting beacon...
[2023.01.04.19:34:26]	Requesting beacon...
[2023.01.04.19:34:36]	Requesting beacon...
[2023.01.04.19:34:46]	Requesting beacon...
[2023.01.04.19:34:56]	Requesting beacon...
[2023.01.04.19:35:37]	Requesting beacon...
[2023.01.04.19:36:19]	Requesting beacon...
[2023.01.04.19:37:02]	Requesting beacon...
[2023.01.04.19:37:41]	Requesting beacon...
[2023.01.04.19:38:18]	Requesting beacon...
[2023.01.04.19:38:56]	Requesting beacon...
[2023.01.04.19:39:37]	Requesting beacon...
[2023.01.04.19:40:16]	Requesting beacon...
[2023.01.04.19:40:55]	Requesting beacon...
[2023.01.04.19:41:33]	Requesting beacon...
[2023.01.04.19:42:16]	Requesting beacon...
[2023.01.04.19:42:51]	Requesting beacon...
[2023.01.04.19:43:29]	Requesting beacon...
[2023.01.04.19:44:06]	Requesting beacon...
[2023.01.04.19:44:53]	Requesting beacon...
[2023.01.04.19:45:34]	Requesting beacon...
[2023.01.04.19:46:08]	Requesting beacon...
[2023.01.04.19:46:41]	Requesting beacon...
[2023.01.04.19:47:24]	Requesting beacon...
[2023.01.04.19:48:02]	Requesting beacon...
[2023.01.04.19:48:41]	Requesting beacon...
[2023.01.04.19:49:14]	Requesting beacon...
[2023.01.04.19:49:52]	Requesting beacon...
[2023.01.04.19:50:29]	Requesting beacon...
[2023.01.04.19:51:07]	Requesting beacon...
[2023.01.04.19:51:47]	Requesting beacon...
[2023.01.04.19:52:29]	Requesting beacon...
[2023.01.04.19:53:10]	Requesting beacon...
[2023.01.04.19:53:48]	Requesting beacon...
[2023.01.04.19:55:19]	Requesting beacon...
[2023.01.04.19:55:58]	Requesting beacon...
[2023.01.04.19:56:34]	Requesting beacon...
[2023.01.04.19:57:13]	Requesting beacon...
[2023.01.04.19:58:10]	Requesting beacon...
[2023.01.04.19:58:53]	Requesting beacon...
[2023.01.04.19:59:26]	Requesting beacon...
[2023.01.04.20:00:08]	Requesting beacon...
[2023.01.04.20:00:50]	Requesting beacon...
[2023.01.04.20:01:28]	Requesting beacon...
[2023.01.04.20:02:08]	Requesting beacon...
[2023.01.04.20:02:47]	Requesting beacon...
[2023.01.04.20:03:28]	Requesting beacon...
[2023.01.04.20:04:11]	Requesting beacon...
[2023.01.04.20:04:51]	Requesting beacon...
[2023.01.04.20:05:29]	Requesting beacon...
[2023.01.04.20:06:09]	Requesting beacon...
[2023.01.04.20:06:48]	Requesting beacon...
[2023.01.04.20:07:27]	Requesting beacon...
[2023.01.04.20:19:25]	Requesting beacon...
[2023.01.05.13:28:43]	Requesting beacon...
[2023.01.05.13:33:34]	Requesting beacon...
[2023.01.05.13:34:15]	Requesting beacon...
[2023.01.05.13:34:54]	Requesting beacon...
[2023.01.05.13:35:37]	Requesting beacon...
[2023.01.05.13:36:17]	Requesting beacon...
[2023.01.05.13:37:00]	Requesting beacon...
[2023.01.05.13:37:36]	Requesting beacon...
[2023.01.05.13:38:19]	Requesting beacon...
[2023.01.05.13:38:55]	Requesting beacon...
[2023.01.05.13:39:36]	Requesting beacon...
[2023.01.05.13:40:12]	Requesting beacon...
[2023.01.05.14:55:35]	Requesting beacon...
[2023.01.05.14:56:20]	Requesting beacon...
[2023.01.05.14:56:42]	Requesting beacon...
[2023.01.05.14:57:08]	Requesting beacon...
[2023.01.05.14:58:00]	Requesting beacon...
[2023.01.05.14:58:22]	Requesting beacon...
[2023.01.05.14:59:00]	Requesting beacon...
[2023.01.05.14:59:40]	Requesting beacon...
[2023.01.05.15:00:31]	Requesting beacon...
[2023.01.05.15:06:56]	Requesting beacon...
[2023.01.05.15:07:39]	Requesting beacon...
[2023.01.05.15:08:18]	Requesting beacon...
[2023.01.05.15:09:01]	Requesting beacon...
[2023.01.05.15:09:43]	Requesting beacon...
[2023.01.05.15:17:35]	Requesting beacon...
[2023.01.05.15:19:02]	Requesting beacon...
[2023.01.05.15:19:37]	Requesting beacon...
[2023.01.05.15:20:17]	Requesting beacon...
[2023.01.05.15:20:58]	Requesting beacon...
[2023.01.05.15:21:31]	Requesting beacon...
[2023.01.05.15:22:11]	Requesting beacon...
[2023.01.05.15:22:45]	Requesting beacon...
[2023.01.05.15:23:27]	Requesting beacon...
[2023.01.05.15:24:15]	Requesting beacon...
[2023.01.05.15:24:52]	Requesting beacon...
[2023.01.05.15:25:32]	Requesting beacon...
[2023.01.05.15:26:10]	Requesting beacon...
[2023.01.05.15:26:54]	Requesting beacon...
[2023.01.05.15:27:35]	Requesting beacon...
[2023.01.05.15:28:14]	Requesting beacon...
[2023.01.05.15:28:51]	Requesting beacon...
[2023.01.05.15:29:33]	Requesting beacon...
[2023.01.05.15:30:13]	Requesting beacon...
[2023.01.05.15:30:55]	Requesting beacon...
[2023.01.05.15:31:35]	Requesting beacon...
[2023.01.05.15:32:15]	Requesting beacon...
[2023.01.05.15:32:54]	Requesting beacon...
[2023.01.05.15:33:34]	Requesting beacon...
[2023.01.05.15:34:15]	Requesting beacon...
[2023.01.05.15:35:39]	Requesting beacon...
[2023.01.05.15:36:14]	Requesting beacon...
[2023.01.05.15:39:57]	Requesting beacon...
[2023.01.05.15:40:07]	Requesting beacon...
[2023.01.05.15:40:17]	Requesting beacon...
[2023.01.05.15:40:27]	Requesting beacon...
[2023.01.05.15:40:37]	Requesting beacon...
[2023.01.05.15:40:47]	Requesting beacon...
[2023.01.05.15:40:57]	Requesting beacon...
[2023.01.05.15:41:07]	Requesting beacon...
[2023.01.05.15:41:22]	Requesting beacon...
[2023.01.05.15:41:32]	Requesting beacon...
[2023.01.05.15:41:42]	Requesting beacon...
[2023.01.05.15:41:52]	Requesting beacon...
[2023.01.05.15:42:02]	Requesting beacon...
[2023.01.05.15:42:12]	Requesting beacon...
[2023.01.05.15:42:22]	Requesting beacon...
[2023.01.05.15:42:35]	Requesting beacon...
[2023.01.05.15:42:45]	Requesting beacon...
[2023.01.05.16:14:19]	Requesting beacon...
[2023.01.05.16:14:29]	Requesting beacon...
[2023.01.05.16:14:39]	Requesting beacon...
[2023.01.05.16:14:49]	Requesting beacon...
[2023.01.05.16:14:59]	Requesting beacon...
[2023.01.05.16:15:09]	Requesting beacon...
[2023.01.05.16:15:19]	Requesting beacon...
[2023.01.05.16:15:36]	Requesting beacon...
[2023.01.05.16:16:06]	Requesting beacon...
[2023.01.05.16:16:36]	Requesting beacon...
[2023.01.05.16:17:06]	Requesting beacon...
[2023.01.05.16:20:59]	Requesting beacon...
[2023.01.05.16:21:42]	Requesting beacon...
[2023.01.05.16:22:23]	Requesting beacon...
[2023.01.05.16:22:56]	Requesting beacon...
[2023.01.05.16:23:06]	Requesting beacon...
[2023.01.05.16:23:39]	Requesting beacon...
[2023.01.05.16:24:15]	Requesting beacon...
[2023.01.05.16:24:47]	Requesting beacon...
[2023.01.05.16:25:21]	Requesting beacon...
[2023.01.05.16:27:25]	Requesting beacon...
[2023.01.05.16:27:35]	Requesting beacon...
[2023.01.05.16:27:45]	Requesting beacon...
[2023.01.05.16:27:55]	Requesting beacon...
[2023.01.05.16:28:05]	Requesting beacon...
[2023.01.05.16:28:15]	Requesting beacon...
[2023.01.05.16:28:25]	Requesting beacon...
[2023.01.05.16:28:35]	Requesting beacon...
[2023.01.05.16:28:45]	Requesting beacon...
[2023.01.05.16:28:55]	Requesting beacon...
[2023.01.05.16:29:05]	Requesting beacon...
[2023.01.05.16:29:15]	Requesting beacon...
[2023.01.05.16:29:25]	Requesting beacon...
[2023.01.05.16:29:35]	Requesting beacon...
[2023.01.05.16:29:45]	Requesting beacon...
[2023.01.05.16:29:55]	Requesting beacon...
[2023.01.05.16:30:05]	Requesting beacon...
[2023.01.05.16:30:15]	Requesting beacon...
[2023.01.05.16:30:25]	Requesting beacon...
[2023.01.05.16:30:35]	Requesting beacon...
[2023.01.05.16:30:45]	Requesting beacon...
[2023.01.05.16:30:55]	Requesting beacon...
[2023.01.05.16:31:05]	Requesting beacon...
[2023.01.05.16:31:15]	Requesting beacon...
[2023.01.05.16:31:25]	Requesting beacon...
[2023.01.05.16:31:35]	Requesting beacon...
[2023.01.05.16:31:45]	Requesting beacon...
[2023.01.05.16:31:55]	Requesting beacon...
[2023.01.05.16:32:05]	Requesting beacon...
[2023.01.05.16:32:15]	Requesting beacon...
[2023.01.05.16:32:25]	Requesting beacon...
[2023.01.05.16:32:35]	Requesting beacon...
[2023.01.05.16:32:45]	Requesting beacon...
[2023.01.05.16:32:55]	Requesting beacon...
[2023.01.05.16:33:05]	Requesting beacon...
[2023.01.05.16:43:28]	Requesting beacon...
[2023.01.05.16:43:38]	Requesting beacon...
[2023.01.05.17:05:13]	Requesting beacon...
[2023.01.05.17:05:23]	Requesting beacon...
